Last login: Tue Nov 15 19:36:55 on ttys002
macbooks-MBP:~ macbook$ git status
On branch master

Initial commit

Untracked files:
  (use "git add <file>..." to include in what will be committed)

	.CFUserTextEncoding
	.Trash/
	.adobe/
	.bash_history
	.bash_sessions/
	.config/
	.cups/
	.gitconfig
	.node_repl_history
	.npm/
	.oracle_jre_usage/
	.putty/
	Applications/
	Creative Cloud Files/
	Desktop/
	Documents/
	Downloads/
	Library/
	Movies/
	Music/
	Pictures/
	Public/
	newhtml.html
	npm-debug.log
	untitled.html

nothing added to commit but untracked files present (use "git add" to track)
macbooks-MBP:~ macbook$ cd Desktop
macbooks-MBP:Desktop macbook$ cd Github
macbooks-MBP:Github macbook$ cd /Users/macbook/Desktop/Github  
macbooks-MBP:Github macbook$ ls
index.html	log
macbooks-MBP:Github macbook$ git init
Reinitialized existing Git repository in /Users/macbook/Desktop/Github/.git/
macbooks-MBP:Github macbook$ git add .
macbooks-MBP:Github macbook$ git commit -m "third commit"
[master 849945d] third commit
 2 files changed, 114 insertions(+), 3 deletions(-)
 create mode 100644 log/Terminal Saved Output
macbooks-MBP:Github macbook$ git push
Counting objects: 5, done.
Delta compression using up to 8 threads.
Compressing objects: 100% (4/4), done.
Writing objects: 100% (5/5), 1.94 KiB | 0 bytes/s, done.
Total 5 (delta 1), reused 0 (delta 0)
remote: Resolving deltas: 100% (1/1), completed with 1 local objects.
To https://github.com/pculotta2016/intro2git.git
   5e45c1f..849945d  master -> master
macbooks-MBP:Github macbook$ 
